Test
Errno: File exists
Errno: Not a directory
Errno: No error information
